[92m────────────────────────── [0massessment and proposed new state[92m ───────────────────────────[0m

[3msnapshots of /path/to/source1 in /snapshots                              [0m
 ─────────────────────────────────────────────────────────────────────── 
 [1m [0m[1mpath                [0m[1m [0m [1m [0m[1mctime              [0m[1m [0m [1m [0m[1mctransid[0m[1m [0m [1m [0m[1mpreserve     [0m[1m [0m 
 ─────────────────────────────────────────────────────────────────────── 
  /snapshots/snap1_1     [34m2006[0m[34m-[0m[34m01[0m[34m-[0m[34m01[0mT[35m00[0m[35m:[0m[35m00[0m[35m:[0m[35m00[0m  [36m [0m[36m120     [0m[36m [0m  [34m2006[0m yearly    
 [2m [0m[2m💀/snapshots/snap1_2[0m[2m [0m [2m [0m[2;34m2006[0m[2;34m-[0m[2;34m01[0m[2;34m-[0m[2;34m02[0m[2mT[0m[2;35m00[0m[2;35m:[0m[2;35m00[0m[2;35m:[0m[2;35m00[0m[2m [0m [2;36m [0m[2;36m122     [0m[2;36m [0m [2m [0m[1;2;91m<not keeping>[0m[2m [0m 
 ─────────────────────────────────────────────────────────────────────── 

tree of incremental backups of /path/to/source1 in bucket my-bucket
└── ╭─ key: [32mbackup1_1[0m ─────────────────────────────────────────────────────────────────╮
    │ [34m2006[0m[34m-[0m[34m01[0m[34m-[0m[34m01[0mT[35m00[0m[35m:[0m[35m00[0m[35m:[0m[35m00[0m / ctransid [36m120[0m                                               │
    │ [34m2006[0m yearly                                                                      │
    │ backup of: /snapshots/snap1_1                                                    │
    ╰──────────────────────────────────────────────────────────────────────────────────╯
    └── ╭─ key: 💀[32mbackup1_2[0m ───────────────────────────────────────────────────────────╮
        │ [34m2006[0m[34m-[0m[34m01[0m[34m-[0m[34m02[0mT[35m00[0m[35m:[0m[35m00[0m[35m:[0m[35m00[0m / ctransid [36m122[0m                                           │
        │ [1;91m<not keeping>[0m                                                                │
        │ backup of: 💀/snapshots/snap1_2                                              │
        ╰──────────────────────────────────────────────────────────────────────────────╯


